// Jest Snapshot v1, https://goo.gl/fbAQLP

exports[`---> Testing /Components/FavCard snapshot test 1`] = `
<div>
  <a
    className="link"
    href="/details/a"
    onClick={[Function]}
  >
    <img
      alt="poster"
      className="slide"
      src="b"
    />
    <h4>
      c
    </h4>
    <h5>
      d, e
    </h5>
  </a>
</div>
`;
