// Jest Snapshot v1, https://goo.gl/fbAQLP

exports[`---> Testing /Components/HeroSection snapshot test 1`] = `
Array [
  <section
    className="wrapper"
  >
    <div
      className="innerWrapper"
    >
      <h1>
        Explore the unknown...
      </h1>
      <h5>
        Dive into the world of new experiences with the newest theater releases.
        <br />
        Click the link below to browse...
      </h5>
      <a
        className="btnLink"
        href="/search"
        onClick={[Function]}
      >
        Browse
      </a>
    </div>
  </section>,
  ",",
]
`;
